border_size=1
usage=map

Wo          , Wo          , Wo          , Mm          , Mm          , Mm          , Mm          , Mm          , Mm          , Mm          , Mm          , Mm          , Mm          , Mm          , Mm          , Mm          , Mm          , Mm          , Mm          , Mm          , Mm          , Mm          , Mm          , Mm          , Mm          , Hh^Fp       , Hh^Fp       , Hh^Fp       , Hh^Fp       , Zw^Fdw      , Zw^Fdw      , Zw^Fdw      , Zw^Fdw      , Zw^Fdw      , Zw^Fdw      , Zw^Fdw      , Rp          , Rp          , Re          , Re          , Re          , Zw          , Zw          , Zw          , Zw          , Zw          , Zw          , Zw^Fdw      , Zw^Fdw      , Zw^Fdw      , Zw^Fdw      , Zw^Fdw      , Zw^Fdw      , Zw          , Zw          , Zw^Fdw      , Ww          , Ww          , Ww          , Mm          , Mm          , Mm          , Mm          , Mm^Xm       , Mm          , Mm          , Mm          
Mm          , Wo          , Wo          , Wo          , Wo          , Mm          , Mm          , Mm          , Mm          , Mm          , Mm          , Mm          , Mm          , Mm          , Mm          , Mm          , Mm          , Mm          , Mm          , Mm          , Mm          , Mm          , Hh^Fp       , Mm          , Mm          , Mm          , Hh^Fp       , Hh^Fp       , Hh^Fp       , Zw^Fdw      , Zw^Fdw      , Rd          , Zw^Fdw      , Zw^Fdw      , Zw^Fdw      , Zw^Fdw      , Rp          , Re          , Re          , Re          , Zw^Fdw      , Zw^Fdw      , Zw^Fdw      , Zw^Fdw      , Zw^Fdw      , Zw          , Zw^Fdw      , Zw          , Zw          , Zw^Fdw      , Zw^Fdw      , Zw          , Zw          , Zw^Fdw      , Zw^Fdw      , Zw          , Ww          , Ww          , Hh^Fp       , Mm          , Mm^Xm       , Mm          , Wo          , Wo          , Wwr         , Mm          , Mm^Xm       
Mm          , Mm          , Mm          , Wo          , Wwr^Xo      , Wwr^Xo      , Wo          , Mm          , Hh^Fp       , Hh^Fp       , Hh^Fp       , Mm          , Hh^Fp       , Mm          , Mm          , Mm          , Hh^Fp       , Mm          , Mm          , Mm          , Mm          , Mm          , Mm          , Hh^Fp       , Hh^Fp       , Hh^Fp       , Hh^Fp       , Hh^Fp       , Zw^Fdw      , Rd          , Zw^Fdw      , Zw^Fdw      , Zw^Fdw      , Zw          , Zw^Fdw      , Rp          , Re          , Re          , Zw^Fdw      , Re          , Re          , Zw^Fdw      , Zw^Fdw      , Zw^Fdw      , Zw^Fdw      , Zw^Fdw      , Zw^Fdw      , Zw^Fdw      , Zw^Fdw      , Zw^Fdw      , Zw^Fdw      , Zw^Fdw      , Zw          , Zw^Fdw      , Zw^Fdw      , Zw^Fdw      , Ww          , Ww          , Hh^Fp       , Hh^Fp       , Mm          , Wwr         , Wo          , Wo          , Wo          , Wo          , Mm          
Mm          , Mm          , Mm          , Wwr^Xo      , Wo          , Wo          , Ww          , Hh^Fp       , Wwr         , Hh^Fp       , Hh^Fp       , Hh^Fp       , Hh^Fp       , Hh^Fp       , Hh^Fp       , Mm          , Hh^Fp       , Hh^Fp       , Hh^Fp       , Hh^Fp       , Hh^Fp       , Mm          , Hh^Fp       , Hh^Fp       , Zw^Fdw      , Zw^Fdw      , Zw^Fdw      , Zw^Fdw      , Zw^Fdw      , Zw^Fdw      , Re          , Rd          , Zw^Fdw      , Zw^Fdw      , Rp          , Rp          , Re          , Re          , Re          , Zw^Fdw      , Zw^Fdw      , Zw          , Zw          , Re          , Zw          , Zw^Fdw      , Zw^Fdw      , Zw^Fdw      , Zw^Fdw      , Zw^Fdw      , Zw^Fdw      , Zw^Fdw      , Re          , Zw          , Zw          , Zw^Fdw      , Ww          , Ww          , Hh^Fp       , Hh^Fp       , Mm^Xm       , Wo          , Wo          , Gg^Fet      , Wo          , Wo          , Mm          
Mm          , Mm          , Mm          , Mm          , Hh^Fp       , Ww          , Wwr         , Ww          , Ww          , Ww          , Ww          , Hh^Fp       , Hh^Fp       , Hh^Fp       , Hh^Fp       , Hh^Fp       , Hh^Fp       , Hh^Fp       , Hh^Fp       , Hh^Fp       , Hh^Fp       , Hh^Fp       , Zw^Fdw      , Zw^Fdw      , Zw^Fdw      , Zw^Fdw      , Zw^Fdw      , Re          , Rd          , Zw          , Zw^Fdw      , Zw^Fdw      , Zw^Fdw      , Zw^Fdw      , Rp          , Re          , Re          , Re^Vct      , Re          , Re          , Re          , Re          , Zw^Fdw      , Zw^Fdw      , Zw^Fdw      , Zw          , Zw          , Zw^Fdw      , Re          , Zw^Fdw      , Zw^Fdw      , Re          , Re          , Re          , Ww          , Ww          , Ww          , Ww          , Hh^Fp       , Hh^Fp       , Mm          , Wo          , Wo          , Wo          , Wwr         , Wo          , Mm          
Hh^Fp       , Mm          , Hh^Fp       , Hh^Fp       , Hh^Fp       , Hh^Fp       , Hh^Fp       , Hh^Fp       , Hh^Fp       , Ww          , Wwr         , Ww          , Ww          , Hh^Fmf      , Hh^Fmf      , Hh^Fp       , Hh^Fp       , Hh^Fp       , Hh          , Hh^Fp       , Zw^Fdw      , Zw^Fdw      , Ce          , Ce          , Ce          , Zw^Fdw      , Re          , Zw^Fdw      , Zw^Fdw      , Re          , Zw^Fdw      , Zw^Fdw      , Rp          , Rp          , Re          , Re          , Re          , Re          , Re          , Re          , Ce          , Ce          , Ce          , Zw^Fdw      , Zw^Fdw      , Zw^Fdw      , Zw^Fdw      , Re          , Re          , Zw^Fdw      , Zw^Fdw      , Re          , Re          , Re          , Ww          , Ww          , Hh^Fp       , Hh^Fp       , Hh^Fp       , Hh^Fp       , Hh^Fp       , Wwr         , Wwr         , Wo          , Mm^Xm       , Mm          , Hh^Fp       
Hh^Fmf      , Hh^Fp       , Re          , Hh          , Hh^Fp       , Hh^Fp       , Hh^Fmf      , Hh^Fp       , Hh^Fmf      , Hh^Fp       , Hh^Fmf      , Ww          , Ww          , Hh^Fmf      , Hh^Fdf      , Hh^Fp       , Hh^Fdf      , Hh^Fp       , Hh          , Hh          , Re          , Re          , Ce          , Ke          , Ce          , Re          , Zw^Fdw      , Zw^Fdw      , Zw^Fdw      , Zw^Fdw      , Rp          , Rp          , Zw^Fdw      , Zw^Fdw      , Zw^Fdw      , Re          , Re          , Re          , Re          , Re          , Ce          , Ke          , Ce          , Zw          , Zw          , Zw          , Zw          , Zw^Fdw      , Zw^Fdw      , Re          , Re          , Zw^Fdw      , Ww          , Ww          , Ww          , Ww          , Hh^Fp       , Hh^Fp       , Ww          , Hh^Fp       , Wo          , Wo          , Hh^Fp       , Mm          , Hh^Fp       , Hh^Fp       , Zw          
Hh^Fdf      , Hh^Fmf      , Hh^Fmf      , Re          , Hh^Fdf      , Hh^Fmf      , Hh^Fmf      , Hh^Fmf      , Hh^Fdf      , Hh^Fdf      , Hh^Fmf      , Hh^Fmf      , Ww          , Ww          , Hh^Fmf      , Hh^Fdf      , Hh^Fdf      , Hh          , Hh          , Hh          , Zw^Fdw      , Zw^Fdw      , Re          , Ce          , Re          , Re          , Zw^Fdw      , Re          , Re          , Rp          , Rp          , Re          , Re          , Zw^Fdw      , Re          , Re^Vct      , Re          , Re          , Rd          , Zw^Fdw      , Re          , Ce          , Re          , Re          , Re          , Zw          , Re          , Zw          , Re          , Re          , Ww          , Ww          , Ww          , Ww          , Ww          , Hh^Fp       , Ww          , Ww          , Zw^Fdw      , Ww          , Zw^Fdw      , Hh^Fp       , Zw^Fdw      , Hh^Fp       , Hh^Fp       , Hh^Fp       , Zw^Fdw      
Hh^Fp       , Hh^Fdf      , Hh^Fp       , Re          , Re          , Hh^Fdf      , Hh^Fdf      , Hh^Fdf      , Hh^Fp       , Hh^Fdf      , Hh^Fmf      , Ww          , Ww          , Ww          , Hh^Fmf      , Hh^Fp       , Hh^Fdf      , Hh^Fdf      , Zw^Fdw      , Re^Vct      , Zw^Fdw      , Zw^Fdw      , Re          , Re          , Rd          , Re          , Re^Vct      , Re          , Re          , Re          , Rp          , Rp          , Re          , Zw^Fdw      , Zw^Fdw      , Zw^Fdw      , Re          , Re^Fy       , Zw^Fdw      , Rd          , Re^Vct      , Re          , Re          , Zw^Fdw      , Zw^Fdw      , Re          , Re          , Re          , Ww          , Ww          , Ww          , Ww          , Re          , Zw^Fdw      , Re          , Ww          , Zw          , Zw^Fdw      , Zw^Fdw      , Zw^Fdw      , Zw^Fdw      , Zw^Fdw      , Zw^Fdw      , Zw          , Zw^Fdw      , Zw          , Zw^Fdw      
Hh^Fp       , Hh^Fp       , Hh^Fp       , Hh^Fp       , Hh^Fp       , Re          , Hh^Fp       , Hh^Fp       , Hh^Fp       , Hh^Fdf      , Hh^Fdf      , Ww          , Hh^Fmf      , Ww          , Ww          , Hh^Fdf      , Ww          , Hh^Fdf      , Re          , Rd          , Rd          , Rd          , Re          , Re^Fy       , Re          , Rd          , Re          , Re          , Rp          , Rp          , Re          , Re          , Re          , Re          , Re          , Zw^Fdw      , Re^Vct      , Re          , Re          , Zw^Fdw      , Re          , Re          , Re          , Re          , Re          , Zw^Fdw      , Ww          , Ww          , Ww          , Ww          , Zw^Fdw      , Zw^Fdw      , Zw^Fdw      , Rd          , Re          , Zw          , Ce          , Zw^Fdw      , Zw^Fdw      , Zw^Fdw      , Zw^Fdw      , Zw^Fdw      , Zw^Fdw      , Zw^Fdw      , Zw^Fdw      , Zw^Fdw      , Zw^Fdw      
Hh^Fp       , Hh^Fp       , Hh^Fp       , Re          , Re          , Re          , Hh^Fp       , Hh^Fp       , Hh^Fp       , Hh^Fp       , Hh^Fp       , Hh^Fmf      , Hh^Fp       , Ww          , Hh^Fp       , Ww          , Hh^Fp       , Ww          , Ww          , Re          , Rd          , Re          , Re^Vct      , Re          , Rd          , Rd          , Re          , Re          , Rp^Sra      , Rp          , Re          , Zw^Fdw      , Zw^Fdw      , Zw^Fdw      , Rd          , Rd          , Re          , Re          , Zw^Fdw      , Re          , Rd          , Zw^Fdw      , Zw^Fdw      , Re          , Ww          , Ww          , Ww          , Ww          , Re          , Re          , Zw^Fdw      , Zw^Fdw      , Re          , Zw^Fdw      , Re          , Ce          , Ke          , Ce          , Zw          , Zw^Fdw      , Zw^Fdw      , Zw^Fdw      , Zw          , Zw^Fdw      , Rp          , Zw^Fdw      , Rp          
Hh^Fp       , Hh^Fp       , Hh^Fp       , Re          , Gs^Fp       , Hh^Fp       , Gs^Fp       , Hh^Fp       , Hh^Fp       , Hh^Fp       , Hh^Fp       , Hh^Fp       , Hh^Fp       , Hh^Fp       , Hh^Fp       , Hh^Fp       , Hh^Fp       , Hh^Fp       , Ww          , Zw^Fdw      , Zw^Fdw      , Re          , Re          , Re          , Re          , Rd          , Re          , Rp^Sro      , Rp^Sc       , Rp^Srj      , Rp          , Re          , Zw^Fdw      , Rd          , Re          , Zw^Fdw      , Re          , Rd          , Zw^Fdw      , Re          , Zw^Fdw      , Re          , Re          , Ww          , Ww          , Ww          , Zw^Fdw      , Re          , Zw^Fdw      , Zw^Fdw      , Re          , Zw^Fdw      , Rd          , Re          , Re          , Ce          , Ce          , Ce          , Re          , Zw^Fdw      , Zw          , Zw          , Rp          , Rp          , Zw          , Rp          , Zw          
Rp          , Rp          , Rp          , Rp          , Gs^Fp       , Gs^Fp       , Gs^Fp       , Gs^Fp       , Gs^Fp       , Hh^Fp       , Hh^Fp       , Hh^Fp       , Hh^Fp       , Hh^Fp       , Hh^Fp       , Hh^Fp       , Hh^Fp       , Hh^Fp       , Hh^Fp       , Ww          , Ww          , Zw^Fdw      , Zw^Fdw      , Re          , Re          , Re          , Gs^Fp       , Rp^Srs      , Rp^Srg      , Rp^Srjs     , Rp          , Zw^Fdw      , Zw^Fdw      , Zw^Fdw      , Zw^Fdw      , Rd          , Zw^Fdw      , Re          , Re          , Re          , Zw^Fdw      , Re          , Re          , Wwf         , Wwf         , Zw^Fdw      , Zw^Fdw      , Zw^Fdw      , Zw^Fdw      , Rd          , Re^Vct      , Re          , Zw^Fdw      , Re^Fy       , Rd          , Rd          , Rd          , Rd          , Zw^Fdw      , Zw^Fdw      , Rp          , Rp          , Zw          , Zw          , Zw^Fdw      , Zw          , Zw          
Hh^Fp       , Hh^Fp       , Hh^Fp       , Rp          , Rp          , Gs^Fp       , Gs^Fp       , Gs^Fp       , Gs^Fp       , Gs^Fp       , Gs^Fp       , Gs^Fp       , Gs^Fdf      , Gs^Fp       , Gs^Fp       , Gs^Fp       , Hh^Fp       , Hh^Fp       , Hh^Fp       , Ww          , Ww          , Ww          , Gs^Fp       , Gs^Fp       , Gs^Fp       , Gs^Fp       , Re          , Re          , Re          , Rp          , Rp          , Rp          , Rp          , Zw^Fdw      , Gs^Fp       , Re          , Zw^Fdw      , Zw^Fdw      , Zw^Fdw      , Re          , Re          , Re          , Re          , Wwf         , Wwf         , Re          , Re          , Re          , Re          , Rd          , Rd          , Re          , Re          , Re          , Rd          , Zw^Fdw      , Re^Vct      , Re          , Zw^Fdw      , Zw          , Rp          , Zw          , Zw          , Zw^Fdw      , Zw^Fdw      , Zw^Fdw      , Zw          
Hh^Fp       , Hh^Fp       , Hh^Fp       , Hh^Fp       , Rp          , Gs^Fp       , Gs^Fp       , Gs^Fp       , Gs^Fp       , Gs^Fp       , Gs^Fp       , Gs^Fp       , Gs^Fp       , Gs^Fdf      , Gs^Fdf      , Gs^Fp       , Gs^Fmf      , Hh^Fp       , Gs^Fmf      , Gs^Fp       , Gg^Ve       , Ww          , Ww          , Gs^Fp       , Gs^Fp       , Gs^Fp       , Re          , Re          , Gs^Fp       , Gs^Fp       , Rp          , Rp          , Rp          , Gs^Fp       , Gs^Fp       , Gs^Fp       , Gs^Fp       , Gs^Fp       , Gs^Fp       , Zw^Fdw      , Re          , Re          , Re          , Wwf         , Wwf         , Zw^Fdw      , Re          , Rd          , Zw^Fdw      , Zw^Fdw      , Rd          , Rd          , Re          , Re^Vct      , Re          , Re          , Rd          , Re          , Rd          , Re          , Rp          , Zw          , Zw^Fdw      , Zw^Fdw      , Zw          , Zw^Fdw      , Zw          
Hh^Fp       , Hh^Fp       , Hh^Fp       , Hh^Fp       , Rp          , Rp          , Gs^Fp       , Gs^Fp       , Gs^Fp       , Gs^Fp       , Gs^Fp       , Gs^Fdf      , Gs^Fdf      , Gs^Fdf      , Gs^Fdf      , Gs^Fmf      , Gs^Fdf      , Gs^Fp       , Gs^Fp       , Gs^Fmf      , Gs^Fp       , Ww          , Ww          , Gs^Fp       , Re          , Re          , Gs^Fp       , Gs^Fp       , Gs^Fp       , Cv^Bz       , Rp          , Rp          , Rp          , Cv^Bz       , Gs^Fp       , Gs^Fp       , Gs^Fp       , Gs^Fp       , Gs^Fp       , Gs^Fp       , Gs^Fp       , Re          , Ww          , Ww          , Ww          , Re          , Re          , Rd          , Re          , Rd          , Re          , Rd          , Zw^Fdw      , Zw^Fdw      , Zw^Fdw      , Zw^Fdw      , Zw^Fdw      , Zw^Fdw      , Re          , Rp          , Zw          , Zw^Fdw      , Zw^Fdw      , Zw^Fdw      , Zw^Fdw      , Zw^Fdw      , Zw          
Hh^Fp       , Hh^Fp       , Mm          , Hh^Fp       , Hh^Fp       , Rp          , Rp          , Rp          , Rp          , Rp          , Rp          , Gs^Fp       , Gs^Fp       , Gs^Fdf      , Gs^Fmf      , Gg^Ve       , Gs^Fdf      , Gs^Fmf      , Gs^Fmf      , Gs^Fmf      , Gs^Fp       , Ww          , Wwf         , Wwf         , Ww          , Ww          , Ww          , Gs^Fp       , Wwf         , Gs^Fp       , Rp          , Rp          , Gs^Fp       , Gs^Fp       , Rp^Bz       , Gs^Fp       , Gs^Fp       , Gs^Fp       , Gs^Fp       , Gs^Fp       , Ww          , Ww          , Ww          , Ww          , Gs^Fp       , Gs^Fp       , Gs^Fp       , Re          , Re          , Re          , Zw^Fdw      , Zw^Fdw      , Zw^Fdw      , Zw^Fdw      , Zw^Fdw      , Zw^Fdw      , Re          , Rd          , Rp          , Rp          , Zw^Fdw      , Zw^Fdw      , Xu          , Xu          , Xu          , Zw          , Zw          
Mm          , Mm          , Mm          , Mm          , Mm          , Hh^Fp       , Hh^Fp       , Gs^Fp       , Gs^Fp       , Gs^Fp       , Gs^Fp       , Rp          , Rp          , Rp          , Gs^Fp       , Gs^Fmf      , Gs^Fp       , Gs^Fdf      , Gg^Ve       , Gs^Fmf      , Gs^Fp       , Gs^Fp       , Cv          , Wwf         , Gs^Fp       , Ww          , Ww          , Ww          , Wwf         , Wwf         , Rp          , Rp          , Rp          , Rp          , Gg^Ve       , Rp          , Rp^Bz       , Gs^Fp       , Gs^Fp       , Ww          , Ww          , Ww          , Gs^Fp       , Gs^Fp       , Gs^Fp       , Gs^Fp       , Gs^Fp       , Gs^Fp       , Gs^Fp       , Re          , Re          , Zw^Fdw      , Re          , Zw^Fdw      , Rd          , Re          , Rp          , Rp          , Re          , Re          , Xu          , Xu          , Uu          , Ur          , Uu          , Xu          , Xu          
Mm          , Mm^Vhh      , Mm          , Mm          , Mm          , Mm^Vhh      , Mm          , Hh^Fp       , Gs^Fp       , Gs^Fp       , Gg^Ve       , Gs^Fp       , Gs^Fp       , Rp          , Rp          , Gs^Fp       , Cv^Bz       , Gs^Fp       , Gs^Fp       , Gs^Fp       , Gs^Fp       , Cv          , Kv          , Cv          , Rp          , Gs^Fp       , Rp          , Rp          , Cv          , Wwf         , Cv          , Rp          , Rp^Bz       , Rp          , Rp          , Rp          , Gs^Fp       , Gs^Fp       , Ww          , Ww          , Gs^Fp       , Gs^Fp       , Gs^Fp       , Gs^Fp       , Gs^Fp       , Gs^Fp       , Cv^Bz       , Gs^Fp       , Rp          , Rp          , Rp          , Rp          , Rp          , Re          , Rp          , Rp          , Gs^Fmf      , Re          , Re          , Re          , Ur          , Uu          , Ur          , Ur          , Ur          , Uu          , Xu          
Mm          , Mm          , Mm          , Mm          , Mm          , Mm          , Mm          , Hh^Fp       , Gs^Fmf      , Gs^Fdf      , Gs^Fdf      , Gs^Fdf      , Gs^Fdf      , Rp          , Rp          , Rp          , Rp          , Gs^Fp       , Gg^Ve       , Gs^Fp       , Gs^Fp       , Cv          , Cv          , Cv          , Rp          , Rp          , Cv          , Cv          , Ww          , Wwf         , Ww          , Cv          , Cv          , Rp          , Gs^Fp       , Gs^Fp       , Gs^Fp       , Ww          , Ww          , Gs^Fp       , Rp          , Gg^Ve       , Rp          , Rp^Bz       , Gs^Fp       , Gs^Fp       , Rp          , Rp          , Rp          , Rp          , Gs^Fp       , Rp          , Gs^Fp       , Rp          , Gs^Fp       , Gs^Fp       , Gs^Fdf      , Gs^Fmf      , Gs^Fmf      , Gs^Fp       , Xu          , Ur          , Uu          , Ur^Ii       , Uu          , Ur          , Xu          
Mm          , Mm          , Mm          , Mm^Vhh      , Mm          , Mm          , Hh^Fp       , Hh^Fp       , Gs^Fdf      , Gs^Fdf      , Gs^Fmf      , Gs^Fdf      , Gs^Fmf      , Rp          , Rp          , Rp          , Rp          , Gs^Fp       , Gs^Fp       , Gs^Fp       , Gs^Fp       , Gs^Fp       , Gs^Fp       , Gs^Fp       , Rp          , Cv          , Wwf         , Ww          , Ww          , Wwf         , Ww          , Ww          , Wwf         , Cv          , Ww          , Ww          , Ww          , Ww          , Ww          , Rp^Bz       , Rp          , Rp          , Rp          , Rp          , Rp          , Rp          , Rp          , Rp          , Cv^Bz       , Gs^Fp       , Gs^Fp       , Re          , Re          , Gs^Fp       , Re          , Gs^Fdf      , Gs^Fdf      , Gs^Fmf      , Gs^Fdf      , Gs^Fp       , Xu          , Uu          , Uu          , Ur          , Ur          , Uu          , Xu          
Mm          , Mm          , Mm          , Mm          , Hh^Fp       , Hh^Fp       , Gs^Fp       , Gs^Fp       , Gs^Fmf      , Gs^Fmf      , Gs^Fmf      , Gs^Fdf      , Gs^Fmf      , Cv^Bz       , Ww          , Rp          , Rp          , Rp          , Rp^Bz       , Rp          , Gg^Ve       , Gs^Fp       , Rp          , Gs^Fp       , Rp          , Cv          , Ww          , Wwf         , Cv          , Cv          , Cv          , Wwf         , Ww          , Wwf         , Ww          , Ww          , Wwf         , Wwf         , Rp          , Rp          , Gg^Ve       , Rp          , Rp          , Rp          , Gs^Fp       , Rp          , Gs^Fp       , Gs^Fp       , Gs^Fp       , Gs^Fp       , Gs^Fp       , Gs^Fp       , Gs^Fp       , Re          , Re          , Gs^Fp       , Gs^Fp       , Gs^Fdf      , Gs^Fdf      , Gs^Fp       , Gs^Fp       , Xu          , Xu          , Uu          , Ur          , Uu          , Xu          
Mm          , Mm          , Mm          , Hh^Fp       , Hh^Fp       , Gs^Fp       , Gs^Fp       , Gs^Fdf      , Gs^Fdf      , Gs^Fmf      , Gs^Fdf      , Gs^Fdf      , Gs^Fdf      , Ww          , Rp^Bz       , Ww          , Ww          , Rp          , Ww          , Rp          , Rp          , Rp          , Rp          , Rp          , Rp          , Wwf         , Wwf         , Wwf         , Cv          , Kv          , Cv          , Wwf         , Wwf         , Cv          , Rp          , Rp^Bz       , Rp          , Wwf         , Ww          , Rp          , Rp          , Rp          , Rp          , Gg^Ve       , Gs^Fp       , Gs^Fp       , Gs^Fdf      , Gs^Fdf      , Gs^Fdf      , Gs^Fdf      , Gs^Fdf      , Gs^Fdf      , Gs^Fp       , Gs^Fp       , Gs^Fp       , Re          , Re          , Gs^Fdf      , Gs^Fp       , Gs^Fmf      , Gs^Fp       , Gs^Fp       , Gs^Fp       , Xu          , Re          , Xu          , Hh^Fp       
Mm          , Mm          , Mm          , Mm          , Mm          , Hh^Fp       , Hh^Fp       , Gs^Fp       , Hh^Fp       , Gs^Fdf      , Gs^Fp       , Gs^Fdf      , Gs^Fdf      , Ww          , Gs^Fp       , Rp          , Gs^Fp       , Ww          , Rp^Bz       , Ww          , Ww          , Rp^Bz       , Ww          , Ww          , Ww          , Cv          , Ww          , Ww          , Wwf         , Cv          , Wwf         , Ww          , Ww          , Cv          , Rp          , Rp          , Rp          , Gg^Ve       , Ww          , Rp          , Rp^Bz       , Rp          , Rp          , Rp^Bz       , Gs^Fp       , Gs^Fp       , Gs^Fdf      , Gs^Fdf      , Gs^Fmf      , Gs^Fdf      , Gs^Zoi      , Gs^Fdf      , Gs^Fdf      , Gs^Fp       , Gs^Zoi      , Gs^Fp       , Re          , Gs^Fp       , Re          , Re          , Re          , Gs^Fp       , Gs^Fp       , Gs^Fp       , Re          , Hh^Fp       , Hh^Fp       
Mm          , Mm          , Mm          , Mm^Xm       , Wwr         , Mm^Xm       , Mm          , Hh^Fp       , Hh^Fp       , Gs^Fp       , Gs^Fp       , Gs^Fp       , Ww          , Ww          , Rp^Bz       , Rp          , Gg^Ve       , Rp          , Rp          , Ww          , Gs^Fp       , Ww          , Gs^Fp       , Gg^Ve       , Ww          , Cv          , Cv          , Wwf         , Wwf         , Wwf         , Ww          , Wwf         , Cv          , Wwf         , Ww          , Ww          , Ww          , Ww          , Gs^Fmf      , Rp          , Hh^Fmf      , Hh^Fmf      , Hh^Zoi      , Hh^Fmf      , Hh^Zoi      , Gs^Zoi      , Hh^Zoi      , Hh^Zoi      , Hh^Zoi      , Gs^Zoi      , Hh^Fmf      , Hh^Zoi      , Hh^Zoi      , Hh^Zoi      , Hh^Zoi      , Gs^Zoi      , Hh^Zoi      , Gs^Zoi      , Gs^Zoi      , Gs^Zoi      , Gs^Zoi      , Re^Zoi      , Re^Zoi      , Re^Zoi      , Hh^Zoi      , Hh^Zoi      , Hh^Zoi      
Mm          , Mm          , Wwr         , Wo          , Wo          , Wo          , Wo          , Mm^Xm       , Mm          , Hh^Fp       , Gs^Fp       , Gs^Fp       , Ww          , Ww          , Gs^Fp       , Gs^Fp       , Gs^Fp       , Rp          , Gs^Fp       , Rp          , Rp          , Gs^Fp       , Gs^Fp       , Gs^Fp       , Rp^Bz       , Rp          , Rp          , Wwf         , Wwf         , Wwf         , Cv          , Cv          , Gs^Fdf      , Gs^Fdf      , Gs^Fdf      , Gs^Fmf      , Gs^Fmf      , Gs^Fdf      , Gs^Zoi      , Hh^Fmf      , Hh^Zoi      , Hh^Zoi      , Hh^Fp       , Hh^Zoi      , Hh^Fp       , Hh^Zoi      , Hh^Fp       , Hh^Fp       , Hh^Fp       , Hh^Fmf      , Hh^Fp       , Hh^Fp       , Hh^Fp       , Hh^Fmf      , Hh^Fp       , Hh^Fmf      , Hh^Fp       , Hh^Fmf      , Hh^Fmf      , Gs^Fdf      , Gs^Fdf      , Gs^Fdf      , Gs^Fp       , Hh^Fp       , Hh^Fp       , Hh^Fp       , Hh^Fp       
Mm          , Mm^Xm       , Wo          , Wo          , Gg^Fet      , Wo          , Wo          , Wwr         , Mm          , Hh^Fp       , Hh^Fp       , Gs^Fp       , Gs^Fdf      , Ww          , Ww          , Rp^Bz       , Ww          , Gs^Fp       , Ww          , Gs^Fp       , Rp          , Rp          , Rp          , Rp          , Rp          , Rp          , Gs^Fp       , Rp          , Hh^Zoi      , Wo          , Gs^Zoi      , Gs^Fmf      , Gs^Zoi      , Gs^Zoi      , Gs^Zoi      , Gs^Zoi      , Gs^Zoi      , Gs^Zoi      , Hh^Fmf      , Hh^Zoi      , Hh^Fp       , Hh^Fp       , Rp          , Hh^Fp       , Hh^Fp       , Hh^Fp       , Rp          , Rp          , Rp          , Hh^Fp       , Rp          , Rp          , Rp          , Hh^Fp       , Rp          , Hh^Fp       , Rp          , Hh^Fp       , Hh^Fp       , Hh^Fp       , Gs^Fmf      , Gs^Fp       , Hh^Fet      , Gs^Fp       , Gs^Fp       , Gs^Fp       , Gs^Fp       
Mm          , Mm          , Wo          , Wo          , Wo          , Wwr         , Gg^Fet      , Wo          , Wwr         , Mm^Xm       , Hh^Fp       , Hh^Fet      , Gs^Fmf      , Gs^Fmf      , Gs^Fmf      , Ww          , Gs^Fdf      , Ww          , Gs^Zoi      , Ww          , Rp^Zoi      , Gg^Ve       , Rp^Zoi      , Rp          , Gs^Zoi      , Gs^Zoi      , Hh^Zoi      , Hh^Zoi      , Hh^Fp       , Wo^Zoi      , Hh^Fp       , Hh^Zoi      , Hh^Fp       , Gs^Fp       , Gs^Fp       , Gs^Fmf      , Gs^Fmf      , Gs^Fmf      , Hh^Fmf      , Hh^Fdf      , Hh^Fp       , Rp          , Hh^Fp       , Rp          , Rp          , Hh^Fp       , Rp          , Hh^Fp       , Hh^Fp       , Rp          , Hh^Fp       , Hh^Fp       , Hh^Fp       , Rp          , Rp          , Rp          , Rp          , Rp          , Rp^Bz       , Hh^Fp       , Hh^Fp       , Gs^Fmf      , Gs^Fmf      , Gs^Fdf      , Gs^Fdf      , Gs^Fp       , Gs^Fp       
Hh^Fp       , Mm          , Mm^Xm       , Wwr         , Wo          , Wo          , Wo          , Wo          , Wo          , Mm          , Hh^Fp       , Gs^Fdf      , Gs^Fdf      , Gs^Fdf      , Gs^Zoi      , Gs^Fmf      , Gs^Zoi      , Gs^Zoi      , Ww          , Ww^Zoi      , Hh^Fp       , Rp^Zoi      , Rp          , Rp^Zoi      , Xos         , Gs^Fp       , Cv^Bz       , Hh^Fp       , Mm          , Wwr         , Wo          , Mm^Xm       , Mm          , Hh^Fp       , Hh^Fp       , Gs^Fp       , Gs^Fp       , Gs^Fmf      , Hh^Fmf      , Hh^Fdf      , Hh^Fp       , Rp          , Rp          , Hh^Fp       , Hh^Fp       , Rp          , Hh^Fp       , Hh^Fp       , Hh^Fp       , Hh^Fp       , Gs^Fp       , Hh^Fp       , Hh^Fp       , Rp          , Rp          , Rp          , Rp          , Rp          , Rp^Z/       , Xu          , Xu          , Hh^Fp       , Hh^Fp       , Gs^Fdf      , Gs^Fdf      , Gs^Fp       , Gs^Fp       
Gs^Fp       , Hh^Fp       , Hh^Fp       , Mm          , Mm          , Wwr         , Mm          , Wo          , Wwr^Zoi     , Hh^Zoi      , Wo^Zoi      , Hh^Zoi      , Gs^Zoi      , Gs^Zoi      , Ww          , Gs^Zoi      , Ww          , Gs^Fdf      , Ww          , Ww          , Hh^Fp       , Cv^Bz       , Xos         , Rp^Z/       , Rp          , Rp          , Hh          , Hh^Fp       , Mm^Xm       , Wo          , Wo          , Wwr         , Wo          , Mm          , Mm^Xm       , Hh^Fp       , Gs^Fp       , Gs^Fp       , Hh^Fmf      , Hh^Fdf      , Hh^Fdf      , Hh^Fp       , Hh^Fp       , Rp          , Hh^Fdf      , Hh^Fp       , Hh^Fp       , Hh^Fp       , Gs^Fp       , Gs^Fmf      , Gs^Fmf      , Gs^Fmf      , Hh^Fp       , Hh^Fp       , Rp^Bz       , Rp          , Rp^Z/       , Rp^Z/       , Rp          , Rp^Bzu      , Xu          , Hh^Fp       , Hh^Fp       , Hh^Fdf      , Hh^Fdf      , Gs^Fdf      , Gs^Fp       
Gs^Zoi      , Gs^Fp       , Gs^Zoi      , Hh^Zoi      , Hh^Zoi      , Mm^Zoi      , Hh^Zoi      , Hh^Zoi      , Hh^Fp       , Wo          , Hh^Fp       , Wo          , Ww          , Ww          , Hh^Fp       , Ww          , Ww          , Ww          , Hh^Fp       , Hh^Fdf      , Hh^Fdf      , Hh^Fp       , Hh^Fp       , Rp          , Rp          , Rp          , Hh          , Hh^Fp       , Mm          , Wwr         , Wo          , Wo          , Wo          , Wwr         , Mm          , Hh^Fp       , Hh^Fp       , Gs^Fp       , Hh^Fmf      , Hh^Fdf      , Hh^Fp       , Hh^Fp       , Rp          , Rp          , Hh^Fdf      , Hh^Fdf      , Hh^Fp       , Gs^Fp       , Gs^Fdf      , Gs^Fp       , Gs^Fdf      , Hh^Fdf      , Hh^Fp       , Hh^Fp       , Xu          , Rp^Z/       , Rp^Bzu      , Rp          , Rp          , Rp          , Rp          , Xu          , Xu          , Hh^Fp       , Hh^Fp       , Gs^Fmf      , Gs^Fmf      
Gs^Fp       , Gs^Zoi      , Gs^Fdf      , Gs^Zoi      , Gs^Fdf      , Hh^Fp       , Gs^Fp       , Gs^Fp       , Gs^Fp       , Hh^Fp       , Gs^Fp       , Gs^Fp       , Ww          , Hh^Fp       , Hh^Fp       , Hh^Fp       , Hh^Fp       , Hh^Fp       , Hh^Fet      , Hh^Fmf      , Hh^Fdf      , Hh^Fmf      , Hh^Fp       , Rp          , Rp          , Rp          , Hh^Fp       , Hh^Fp       , Mm          , Wo          , Wo          , Gg^Fet      , Wo          , Wo          , Mm^Xm       , Hh^Fp       , Hh^Fp       , Hh^Fp       , Hh^Fdf      , Hh^Fp       , Rp^Fp       , Rp          , Rp          , Hh^Fdf      , Gs^Fmf      , Hh^Fdf      , Hh^Fdf      , Hh^Fdf      , Gs^Fp       , Gs^Fdf      , Gs^Fdf      , Gs^Fdf      , Hh^Fdf      , Hh^Fp       , Hh^Fp       , Xu          , Xu          , Rp          , Rp          , Rp          , Rp          , Rp^Bzu      , Rp          , Xu          , Hh^Fp       , Hh^Fp       , Gs^Fp       
Gs^Fdf      , Gs^Fp       , Gs^Fmf      , Gs^Fmf      , Re          , Gs^Fdf      , Re          , Gs^Fmf      , Re          , Gs^Fmf      , Re          , Gs^Fp       , Ww          , Hh^Fp       , Re          , Hh^Fp       , Re          , Hh^Fp       , Hh^Fp       , Hh^Fdf      , Hh^Fmf      , Hh^Fdf      , Hh^Fp       , Rp          , Rp          , Hh          , Hh^Fp       , Hh          , Mm^Xm       , Wwr         , Wo          , Wo          , Wo          , Wwr         , Mm          , Mm          , Hh^Fp       , Hh^Fp       , Hh^Fp       , Hh^Fp       , Rp          , Rp          , Rp^Fp       , Rp^Fp       , Gs^Fdf      , Hh^Fdf      , Hh^Fmf      , Hh^Fdf      , Hh^Fet      , Hh^Fmf      , Gs^Fdf      , Gs^Fdf      , Hh^Fp       , Hh^Fp       , Hh^Fp       , Hh^Fp       , Xu          , Rp          , Rp          , Rp^Ii       , Rp          , Rp          , Rp^Bzu      , Xu          , Hh^Fp       , Hh^Fp       , Gs^Fp       
Gs^Fdf      , Gs^Fdf      , Gs^Fdf      , Re          , Re          , Re          , Gs^Fp       , Re          , Gs^Fdf      , Re          , Gs^Fmf      , Wwf         , Wwf         , Re          , Gs^Fp       , Re          , Gs^Fp       , Re          , Hh^Fp       , Hh^Fdf      , Hh^Fmf      , Hh^Fdf      , Hh^Fp       , Rp          , Rp          , Rp          , Hh          , Hh          , Hh^Fp       , Mm          , Mm^Xm       , Wwr         , Mm          , Mm          , Hh^Fp       , Hh^Fp       , Rp^Fp       , Hh^Fp       , Rp^Fp       , Rp^Fp       , Rp          , Rp^Fp       , Gs^Fdf      , Gs^Fdf      , Gs^Fp       , Hh^Fmf      , Hh^Fmf      , Hh^Fmf      , Hh^Fdf      , Hh^Fdf      , Hh^Fmf      , Hh^Fmf      , Hh^Fdf      , Hh^Fp       , Hh^Fp       , Hh^Fp       , Xu          , Rp^Bzu      , Rp          , Rp          , Rp          , Rp          , Xu          , Xu          , Hh^Fp       , Hh^Fdf      , Gs^Fdf      
Gs^Fp       , Gs^Fdf      , Gs^Fdf      , Re          , Gs^Fp       , Gs^Fdf      , Gs^Fdf      , Gs^Fmf      , Gs^Fmf      , Gs^Fdf      , Gs^Fdf      , Ww          , Gs^Fp       , Gs^Fp       , Gs^Fmf      , Gs^Fp       , Gs^Fp       , Re          , Re          , Hh^Fp       , Re          , Hh^Fp       , Hh^Fp       , Rp          , Rp          , Rp          , Hh^Fp       , Hh^Fp       , Hh^Fdf      , Hh^Fmf      , Hh^Fmf      , Mm          , Hh^Fp       , Hh^Fp       , Rp^Fp       , Rp^Fp       , Rp          , Rp^Fp       , Rp          , Rp          , Gs^Fmf      , Gs^Fp       , Gs^Fmf      , Gs^Fdf      , Hh^Fmf      , Hh^Fdf      , Hh^Fmf      , Hh^Fmf      , Hh^Fmf      , Hh^Fmf      , Hh^Fdf      , Hh^Fmf      , Hh^Fdf      , Hh^Fp       , Hh^Fp       , Hh^Fp       , Hh^Fp       , Xu          , Xu          , Rp          , Rp^Bzu      , Xu          , Hh^Fp       , Hh^Fp       , Gs^Fp       , Hh^Fdf      , Gs^Fp       
Gs^Fmf      , Gs^Fp       , Re          , Re          , Gs^Fmf      , Gs^Fmf      , Gs^Fmf      , Gs^Fdf      , Ww          , Ww          , Ww          , Ww          , Gs^Fp       , Gs^Fdf      , Gs^Fdf      , Gs^Fmf      , Gs^Fmf      , Gs^Fp       , Re          , Re          , Gs^Fp       , Re          , Re          , Rp          , Rp          , Rp          , Hh^Fdf      , Hh^Fet      , Hh^Fp       , Hh^Fdf      , Hh^Fdf      , Hh^Fp       , Rp          , Rp          , Rp          , Rp          , Rp^Fp       , Rp          , Gs^Fmf      , Hh^Fp       , Hh^Fp       , Hh^Fp       , Gs^Fdf      , Gs^Fmf      , Gs^Fdf      , Gs^Fp       , Hh^Fmf      , Hh^Fdf      , Hh^Fdf      , Hh^Fdf      , Hh^Fdw      , Hh^Fdf      , Hh^Fmw      , Hh^Fmf      , Hh^Fdw      , Hh^Fdf      , Hh^Fdw      , Hh^Fp       , Hh^Fp       , Xu          , Xu          , Xu          , Hh^Fmw      , Hh^Fmw      , Gs^Fdw      , Gs^Fp       , Gs^Fdw      
Gs^Fmf      , Re          , Gs^Fdf      , Re          , Gs^Fp       , Gs^Fp       , Ww          , Ww          , Gs^Fp       , Gs^Fdf      , Gs^Fdf      , Gs^Fp       , Ww          , Gs^Fp       , Ww^Bls      , Ww^Bls      , Ww^Bls      , Ds          , Gs^Fdf      , Gs^Fmf      , Gs^Fmf      , Gs^Fp       , Gs^Fp       , Re          , Rp          , Rp          , Hh^Fp       , Hh^Fdf      , Hh^Fp       , Hh^Fp       , Hh^Fmf      , Rp          , Rp          , Rp^Fp       , Hh^Fp       , Rp          , Rp          , Hh^Fp       , Hh^Fp       , Gs^Fmf      , Rp          , Rp          , Rp          , Rp          , Rp          , Gs^Fp       , Gs^Fp       , Gs^Fmf      , Gs^Fmw      , Hh^Fdw      , Hh^Fmw      , Hh^Fdw      , Hh^Fdw      , Hh^Fdw      , Re          , Gs^Fmw      , Hh^Fdw      , Gs^Fmw      , Gs^Fp       , Hh^Fp       , Hh^Fmw      , Hh^Fmw      , Gs^Fdw      , Re          , Gs^Fdw      , Re          , Gs^Fmw      
Gs^Fp       , Re          , Re          , Gs^Fdf      , Gs^Fdf      , Ww          , Ww          , Ds          , Gs^Fp       , Gs^Fp       , Ww          , Ww          , Gs^Fmf      , Ww^Bls      , Ww^Bls      , Ww^Bls      , Ww^Bls      , Gs^Fdf      , Gs^Fdf      , Gs^Fdf      , Gs^Fp       , Gs^Fmf      , Rp          , Rp          , Rp          , Rp          , Hh^Fdf      , Hh^Fp       , Hh^Fp       , Rp          , Rp          , Rp          , Gs^Fp       , Hh^Fp       , Rp^Fp       , Rp          , Rp^Fp       , Hh^Fp       , Gs^Fdf      , Rp          , Rp          , Rp          , Hh^Fmf      , Rp          , Rp          , Rp          , Rp          , Gs^Fmw      , Chr^Bzu     , Re          , Re          , Re          , Re^Uf       , Re          , Re^Uf       , Re^Dr       , Re          , Re          , Re          , Gs^Fmw      , Hh^Fdw      , Zw          , Ss          , Re          , Ss          , Re          , Re          
Gs^Fp       , Gs^Fp       , Re          , Gs^Fp       , Gs^Fp       , Ds          , Ds          , Ww          , Ww          , Ww          , Gs^Fp       , Gs^Fmf      , Gs^Fmf      , Gs^Fdf      , Gs^Fdf      , Ww^Bls      , Gs^Fmf      , Gs^Fdf      , Gs^Fmf      , Gs^Fdf      , Gs^Fdf      , Gs^Fp       , Rp          , Rp          , Hh          , Hh^Fmf      , Hh          , Hh^Fmf      , Rp          , Rp          , Rp          , Gs^Fp       , Gs^Fp       , Hh^Fp       , Rp^Fp       , Rp          , Gs^Fmf      , Hh^Fp       , Rp          , Rp          , Gs^Fdf      , Hh^Fdf      , Hh^Fdf      , Hh^Fmf      , Hh^Fdw      , Rp          , Rp^Dr       , Rp^Dr       , Re^Dr       , Re          , Ss          , Zw          , Ss          , Re^Dr       , Ss          , Re^Uf       , Re^Dr       , Zw          , Zw          , Zw          , Ss          , Re          , Zw          , Gs^Fmw      , Re          , Ss          , Ss          
Ds          , Gs^Fp       , Ds          , Gs^Fp       , Ds          , Ds          , Ww          , Ww          , Ww          , Ww          , Ww          , Ww          , Ww          , Gs^Fmf      , Gs^Fp       , Gs^Fdf      , Gs^Fp       , Gs^Fmf      , Gg^Fet      , Gs^Fmf      , Gs^Fmf      , Gs^Fp       , Rp          , Rp          , Rp          , Hh^Fmf      , Rp          , Rp          , Rp          , Rp          , Gs^Fp       , Gs^Fp       , Gs^Fp       , Hh^Fmf      , Rp          , Rp          , Hh^Fdf      , Gs^Fdf      , Rp          , Rp          , Hh^Fdf      , Hh^Fdf      , Hh^Fp       , Hh^Fdw      , Re          , Chr^Bzu     , Re^Dr       , Re^Dr       , Re          , Ss          , Zw          , Yhs         , Zw          , Re          , Re          , Re          , Ss          , Re          , Yhs         , Re          , Ss          , Gs^Fdw      , Yhs         , Re^Uf       , Zw          , Ss          , Ss          
Ww          , Ds          , Ww          , Ds          , Ww          , Ww          , Ww          , Ww          , Ds          , Ds          , Gs^Fp       , Ww          , Gs^Fp       , Ww          , Ww          , Ww          , Ww          , Gs^Fp       , Gs^Fp       , Gs^Fp       , Gs^Fp       , Rp          , Rp          , Rp          , Rp          , Rp          , Rp          , Rp          , Gs^Fp       , Gs^Fp       , Gs^Fdf      , Gs^Fp       , Gs^Fp       , Hh^Fmf      , Rp          , Rp          , Rp          , Rp          , Hh^Fmf      , Hh^Fmf      , Hh^Fdf      , Hh^Fp       , Hh^Fp       , Hh^Fmw      , Re          , Re          , Zw          , Ss          , Re          , Re          , Re          , Ss          , Ss          , Ss          , Ss          , Re          , Zw          , Zw          , Zw          , Ss          , Yhs         , Ss          , Ss          , Ss          , Ss          , Re          , Re          
Hh^Fp       , Ww          , Hh^Fdf      , Ww          , Hh^Fdf      , Hh^Fp       , Ds          , Ds          , Gs^Fp       , Ds          , Re          , Gs^Fp       , Gs^Fp       , Gs^Fp       , Gs^Fp       , Gs^Fp       , Gs^Fp       , Ww          , Ww          , Ww          , Ww          , Rp          , Rp          , Rp          , Gs^Fp       , Rp          , Gs^Fp       , Gs^Fdf      , Gs^Fdf      , Gs^Fdf      , Gs^Fdf      , Gs^Fdf      , Gs^Fdf      , Hh^Fp       , Hh^Fmf      , Rp          , Hh^Fp       , Rp          , Hh^Fmf      , Hh^Fdf      , Hh^Fmf      , Hh^Fp       , Hh^Fmf      , Hh^Fdw      , Re          , Ss          , Zw          , Ss          , Yhs         , Ss          , Ss          , Re          , Yhs^Xp      , Yhs         , Yhs         , Re          , Ss          , Re^Dr       , Zw^Uf       , Ss          , Gs^Fdw      , Gs^Fdw      , Gs^Fdw      , Yhs^Uf      , Zw          , Gs^Fdw      , Gs^Fmw      
Hh          , Hh^Fp       , Hh^Fdf      , Hh^Fdf      , Hh^Fet      , Hh^Fdf      , Gs^Fp       , Ds          , Gs^Fp       , Gs^Fp       , Re          , Gs^Fp       , Re          , Re          , Re          , Gs^Fp       , Gg^Fet      , Gs^Fp       , Gs^Fp       , Gs^Fp       , Gs^Fp       , Wwf         , Wwf         , Rp          , Gs^Fp       , Gs^Fdf      , Gs^Fmf      , Gs^Fmf      , Gs^Fdf      , Gs^Fdf      , Gs^Fmf      , Gs^Fdf      , Gs^Fdf      , Gs^Fdf      , Gs^Fp       , Hh^Fp       , Gs^Fdf      , Hh^Fmf      , Gs^Fdf      , Gs^Fdf      , Hh^Fdf      , Hh^Fmf      , Hh^Fdf      , Hh^Fdw      , Hh^Fmw      , Zw          , Ss          , Re^Dr       , Ss          , Zw          , Ss          , Re^Dr       , Ss          , Ss          , Zw          , Re          , Zw^Dr       , Yhs^Uf      , Zw          , Gs^Fdw      , Gs^Fmw      , Gs^Fdw      , Gs^Fmw      , Zw          , Ss          , Zw          , Gs^Fdw      
Hh^Fp       , Gs^Fdf      , Gs^Fdf      , Gs^Fdf      , Gs^Fdf      , Hh^Fdf      , Hh^Fdf      , Gs^Fp       , Gs^Fp       , Gs^Fp       , Gs^Fp       , Re          , Hh^Fdf      , Hh^Fp       , Hh^Fp       , Re          , Re          , Gs^Fp       , Gs^Fp       , Gs^Fp       , Gs^Fp       , Rp          , Rp          , Wwf         , Ww          , Gs^Fp       , Gs^Fp       , Gs^Fdf      , Gs^Fp       , Gs^Fdf      , Gs^Fdf      , Gs^Fdf      , Gs^Fdf      , Gs^Fdf      , Gs^Fdf      , Gs^Fdf      , Gs^Fmf      , Gs^Fp       , Gs^Fp       , Gs^Fdf      , Gs^Fdf      , Hh^Fdf      , Hh^Fmf      , Hh^Fp       , Hh^Fdw      , Zw          , Zw          , Re^Uf       , Re          , Yhs         , Re          , Zw          , Zw          , Ss          , Zw^Dr       , Yhs         , Re          , Ss          , Ss          , Gs^Fdw      , Gs^Fmw      , Gs^Fdw      , Zw          , Zw^Uf       , Ss          , Zw          , Gs^Fdw      
Hh^Fdf      , Hh^Fmf      , Hh^Fmf      , Gs^Fdf      , Gs^Fdf      , Hh          , Hh          , Hh^Fdf      , Hh          , Gs^Fp       , Gs^Fp       , Gs^Fp       , Gs^Fp       , Hh^Fdf      , Hh^Fdf      , Hh^Fp       , Re          , Re          , Re          , Gs^Fp       , Gs^Fp       , Rp          , Rp          , Rp          , Gs^Fp       , Ww          , Ww          , Gs^Fp       , Ww          , Ww          , Ww          , Gs^Fmf      , Gs^Fp       , Gs^Fmf      , Gs^Fmf      , Gs^Fdf      , Gs^Fdf      , Gs^Fmf      , Gs^Fmf      , Gs^Fdf      , Gs^Fdf      , Hh^Fdf      , Re          , Hh^Fp       , Zw          , Yhs         , Zw          , Yhs         , Zw^Dr       , Zw          , Ss          , Yhs         , Re          , Yhs         , Yhs         , Zw          , Ss          , Yhs         , Ss          , Gs^Fmw      , Gs^Fmw      , Zw          , Gs^Fmw      , Ss          , Zw          , Gs^Fmw      , Gs^Fdw      
Hh^Fdf      , Hh^Fdf      , Gs^Fdf      , Gs^Fdf      , Gs^Fdf      , Gs^Fdf      , Gs^Fdf      , Hh^Fdf      , Gs^Fdf      , Hh^Fdf      , Hh^Fdf      , Gs^Fmf      , Gs^Fmf      , Gs^Fmf      , Gs^Fmf      , Hh^Fdf      , Hh^Fdf      , Gs^Fp       , Gs^Fp       , Re          , Gs^Fp       , Rp          , Rp          , Rp          , Gs^Fp       , Gs^Fp       , Gs^Fp       , Ww          , Gs^Fp       , Gs^Fp       , Ww          , Gs^Fdf      , Hh^Fmf      , Gs^Fmf      , Gs^Fmf      , Gs^Fmf      , Gs^Fmf      , Gs^Fmf      , Gs^Fmf      , Gs^Fp       , Gs^Fp       , Gs^Fdf      , Hh^Fdf      , Re          , Hh^Fmw      , Re^Dr       , Ss          , Ss          , Zw          , Ss          , Zw^Dr       , Ss          , Zw          , Yhs^Xp      , Ss          , Yhs         , Zw          , Yhs         , Ss          , Zw          , Gs^Fdw      , Gs^Fdw      , Gs^Fdw      , Gs^Fmw      , Re^Uf       , Re          , Gs^Fdw      
Gs^Fdf      , Hh^Fet      , Hh^Fdf      , Gs^Fdf      , Gs^Fdf      , Gs^Fdf      , Gs^Fdf      , Gs^Fdf      , Hh^Fdf      , Hh          , Hh^Fet      , Hh^Fdf      , Gs^Fmf      , Gs^Fmf      , Gs^Fp       , Gs^Fmf      , Gs^Fp       , Hh^Fdf      , Gs^Fp       , Re          , Rd          , Rd          , Rd          , Rp          , Gs^Fp       , Gs^Fp       , Gs^Fp       , Gs^Fp       , Gs^Fp       , Gs^Fp       , Hh^Fp       , Ww          , Hh^Fp       , Gs^Fdf      , Gs^Fdf      , Gs^Fmf      , Gs^Fp       , Gs^Fdf      , Gs^Fp       , Gs^Fmf      , Gs^Fdf      , Gs^Fdf      , Hh^Fdf      , Hh^Fp       , Zw^Dr       , Zw          , Zw^Dr       , Zw          , Ss          , Zw^Xp       , Zw^Uf       , Ss          , Ss          , Ss          , Yhs         , Re          , Ss          , Yhs         , Ss          , Zw          , Zw          , Gs^Fdw      , Zw          , Zw          , Gs^Fdw      , Gs^Fdw      , Gs^Fmw      
Hh^Fdf      , Gs^Fdf      , Gs^Fdf      , Hh^Fdf      , Hh^Fdf      , Hh^Fdf      , Hh          , Gs^Fdf      , Hh^Fp       , Hh^Fdf      , Hh^Fdf      , Hh          , Gs^Fp       , Gs^Fmf      , Gs^Fmf      , Gs^Fp       , Gs^Fdf      , Gs^Fp       , Rd          , Rd          , Ce          , Rd          , Rd          , Gs^Fp       , Gs^Fp       , Gs^Fdf      , Gs^Fdf      , Gs^Fp       , Gs^Fp       , Gs^Fp       , Hh^Fp       , Ww          , Hh^Fp       , Hh^Fdf      , Hh^Fet      , Hh^Fp       , Hh^Fp       , Gs^Fp       , Gs^Fdf      , Gs^Fp       , Ww          , Gs^Fdf      , Gs^Fdf      , Hh^Fmw      , Ss          , Ss          , Ss          , Zw          , Ss          , Zw^Uf       , Ss          , Ss          , Ss          , Yhs         , Ss          , Ss          , Ss          , Yhs^Xp      , Yhs         , Ss          , Ss          , Ss          , Gs^Fmw      , Zw          , Re          , Gs^Fmw      , Gs^Fdw      
Hh^Fp       , Hh^Fdf      , Hh^Fdf      , Hh^Fdf      , Hh^Fp       , Gs^Fdf      , Hh^Fp       , Gs^Fdf      , Hh          , Hh^Fp       , Hh^Fp       , Hh^Fp       , Hh^Fp       , Gs^Fp       , Gs^Fp       , Hh          , Gs^Fdf      , Gs^Fdf      , Rd          , Ce          , 1 Ke        , Ce          , Rd          , Gs^Fp       , Gs^Fp       , Gs^Fdf      , Gs^Fdf      , Gs^Fdf      , Gs^Fp       , Hh^Fdf      , Hh^Fp       , Ww          , Ww          , Hh^Fp       , Hh^Fp       , Hh^Fp       , Hh^Fp       , Gs^Fdf      , Ww          , Ww          , Hh^Fp       , Ww          , Gs^Fdf      , Hh^Fmw      , Ww          , Ww          , Gs^Fmw      , Gs^Fmw      , Gs^Fdw      , Ss          , Ss          , Yhs^Dr      , Yhs^Uf      , Yhs         , Ss          , Yhs         , Yhs^Xp      , Yhs         , Xu          , Ss          , Ss          , Ss          , Gs^Fdw      , Re^Uf       , Re          , Gs^Fdw      , Gs^Fdw      
Hh^Fp       , Hh^Fp       , Hh^Fp       , Hh^Fdf      , Gs^Fdf      , Gs^Fdf      , Gs^Fdf      , Gs^Fdf      , Gs^Fdf      , Gs^Fdf      , Hh^Fp       , Gs^Fp       , Gs^Fp       , Hh^Fp       , Gs^Fp       , Gs^Fp       , Gs^Fdf      , Gs^Fdf      , Rd          , Ce          , Ce          , Ce          , Rd          , Gs^Fdf      , Gs^Fdf      , Gs^Fp       , Gs^Fmf      , Gs^Fdf      , Gs^Fp       , Hh^Fdf      , Hh^Fdf      , Hh^Fp       , Hh^Fp       , Ww          , Ww          , Ww          , Ww          , Ww          , Ww          , Hh^Fp       , Hh^Fp       , Ww          , Ww          , Hh^Fdw      , Ww          , Gs^Fmw      , Gs^Fdw      , Gs^Fmw      , Gs^Fdw      , Gs^Fdw      , Ss          , Ss          , Yhs         , Yhs^Xp      , Yhs         , Ss          , Yhs         , Ss          , Yhr^Xp      , Xu          , Xu          , Ss          , Ss          , Zw          , Zw          , Re          , Gs^Fdw      
Hh^Fp       , Hh^Fp       , Gs^Fmf      , Hh^Fp       , Gs^Fdf      , Gs^Fdf      , Gs^Fdf      , Gs^Fdf      , Hh^Fmf      , Gs^Fdf      , Hh^Fp       , Gs^Fp       , Gs^Fp       , Gs^Fmf      , Gs^Fmf      , Gs^Fp       , Gs^Fp       , Gs^Fp       , Gs^Fp       , Rd          , Rd          , Rd          , Gs^Fp       , Gs^Fdf      , Gs^Fdf      , Gs^Fdf      , Gs^Fdf      , Gs^Fdf      , Gs^Fdf      , Gs^Fp       , Gs^Fp       , Gs^Fp       , Hh^Fdf      , Hh^Fp       , Hh^Fp       , Ww          , Hh^Fmf      , Hh^Fp       , Hh^Fp       , Hh^Fp       , Hh^Fp       , Gs^Fmw      , Gs^Fmw      , Ww          , Ww          , Gs^Fmw      , Ss          , Zw          , Ss          , Ss          , Ss          , Ss          , Xu          , Yhs         , Ss          , Yhs         , Yhr         , Yhr         , Yhr         , Yhr         , Yhr         , Xu          , Xu          , Zw          , Gs^Fdw      , Gs^Fdw      , Gs^Fp       
Hh^Fp       , Hh^Fp       , Hh^Fp       , Gs^Fmf      , Gs^Fmf      , Gs^Fdf      , Hh^Fdf      , Hh^Fmf      , Hh^Fmf      , Hh^Fmf      , Hh^Fmf      , Hh^Fmf      , Hh^Fmf      , Hh^Fp       , Hh^Fp       , Gs^Fmf      , Gs^Fdf      , Gg^Fet      , Gs^Fp       , Rd          , Rd          , Gs^Fp       , Gs^Fmf      , Gs^Fdf      , Gs^Fmf      , Gs^Fmf      , Gs^Fmf      , Gs^Fdf      , Gs^Fdf      , Gs^Fdf      , Gs^Fmf      , Hh^Fdf      , Hh^Fet      , Hh^Fp       , Hh^Fdf      , Hh^Fdf      , Hh^Fmf      , Hh^Fmf      , Gs^Fdf      , Hh^Fet      , Hh^Fmf      , Hh^Fmf      , Gs^Fmw      , Ss          , Ss          , Ss          , Zw          , Gs^Fdw      , Gs^Fmw      , Gs^Fdw      , Zw          , Ss          , Ss          , Xu          , Yhr         , Yhr         , Yhr         , Yhr         , Uu^Cd       , Uu^Cd       , Uu^Cd       , Yhr^Xp      , Xu          , Xu          , Gs^Fp       , Gs^Fdw      , Gs^Fdw      
Hh^Fp       , Hh^Fp       , Hh^Fp       , Hh^Fp       , Hh^Fp       , Gs^Fdf      , Hh^Fdf      , Hh^Fdf      , Hh^Fet      , Hh^Fmf      , Hh^Fdf      , Hh^Fdf      , Hh^Fdf      , Hh^Fmf      , Hh^Fp       , Gs^Fmf      , Gs^Fdf      , Gs^Fdf      , Gs^Fmf      , Rd          , Rd          , Gs^Fp       , Gs^Fp       , Gs^Fmf      , Gs^Fmf      , Gs^Fdf      , Gs^Fmf      , Gs^Fdf      , Gs^Fdf      , Gs^Fdf      , Hh^Fdf      , Hh^Fdf      , Hh^Fp       , Hh^Fp       , Hh^Fdf      , Hh^Fdf      , Hh^Fdf      , Gs^Fdf      , Gs^Fdf      , Gs^Fdf      , Hh^Fmf      , Hh^Fmf      , Gs^Fp       , Gs^Fmw      , Gs^Fmw      , Gs^Fdw      , Gs^Fdw      , Zw          , Zw^Xp       , Zw          , Gs^Fdw      , Ss          , Zw          , Xu          , Yhr^Xp      , Yhr         , Yhr         , Yhr         , Uu^Cd       , Uu^Kd       , Uu^Cd       , Yhr         , Yhr         , Xu          , Xu          , Gs^Fp       , Gs^Fp       
Hh^Fdf      , Hh^Fmf      , Hh^Fmf      , Gs^Fdf      , Hh^Fp       , Hh^Fmf      , Gs^Fp       , Hh^Fdf      , Hh^Fdf      , Hh^Fdf      , Hh^Fdf      , Hh^Fdf      , Hh^Fp       , Hh^Fp       , Gs^Fdf      , Gs^Fmf      , Gs^Fmf      , Gs^Fdf      , Gs^Fdf      , Rd          , Rd          , Gs^Fp       , Gs^Fmf      , Gs^Fp       , Gs^Fdf      , Gs^Fmf      , Gs^Fdf      , Gs^Fmf      , Gs^Fmf      , Gs^Fdf      , Hh^Fdf      , Hh^Fp       , Hh^Fp       , Hh^Fdf      , Gs^Fmf      , Gs^Fmf      , Gs^Fdf      , Gs^Fdf      , Gs^Fdf      , Gs^Fdf      , Gs^Fdf      , Gs^Fp       , Gs^Fdf      , Gs^Fmw      , Gs^Fmw      , Gs^Fmw      , Gs^Fdw      , Gs^Fmw      , Re          , Zw          , Gs^Fmw      , Gs^Fdw      , Zw          , Xu          , Xu          , Yhr         , Yhr         , Yhr         , Yhr         , Uu^Cd       , Yhr         , Yhr         , Yhr         , Yhr         , Xu          , Xu          , Gs^Fdw      
Hh^Fdf      , Hh^Fmf      , Hh^Fmf      , Hh^Fmf      , Hh^Fmf      , Hh^Fp       , Gs^Fp       , Gs^Fp       , Gs^Fp       , Hh^Fp       , Gs^Fp       , Hh^Fdf      , Gs^Fp       , Gs^Fdf      , Gs^Fdf      , Gs^Fdf      , Gs^Fdf      , Gs^Fmf      , Rd          , Rd          , Rd          , Gs^Fp       , Gs^Fmf      , Gs^Fmf      , Gs^Fmf      , Gs^Fdf      , Gs^Fmf      , Gs^Fdf      , Gs^Fmf      , Hh^Fdf      , Hh^Fmf      , Hh^Fp       , Hh          , Hh^Fdf      , Gs^Fmf      , Gs^Fdf      , Gs^Fdf      , Gs^Fdf      , Gs^Fdf      , Gs^Fp       , Gs^Fp       , Gs^Fdf      , Gs^Fdf      , Re          , Gs^Fdw      , Re^Xp       , Re          , Re          , Re          , Gs^Fdw      , Re          , Gs^Fdw      , Gs^Fdw      , Zw          , Gs^Fdw      , Xu          , Xu          , Yhr^Xp      , Xu          , Yhr         , Yhr^Xp      , Yhr         , Xu          , Yhr^Xp      , Xu          , Xu          , Gs^Fdw      
Hh^Fdf      , Hh^Fdf      , Hh^Fdf      , Hh^Fmf      , Hh^Fdf      , Hh^Fdf      , Hh^Fdf      , Hh^Fp       , Gs^Fp       , Gs^Fp       , Gs^Fp       , Gs^Fp       , Gg^Fet      , Gs^Fp       , Gs^Fp       , Gs^Fp       , Rd          , Rd          , Rd          , Rd          , Gs^Fp       , Gs^Fp       , Gs^Fp       , Gs^Fmf      , Gs^Fmf      , Gs^Fdf      , Gs^Fdf      , Gs^Fmf      , Hh^Fmf      , Hh^Fmf      , Hh^Fp       , Hh^Fp       , Hh^Fp       , Hh^Fmf      , Gs^Fmf      , Gs^Fdf      , Gs^Fdf      , Gs^Fdf      , Gs^Fp       , Gs^Fp       , Gs^Fp       , Gs^Fdf      , Gs^Fdf      , Gs^Fmw      , Re          , Re^Uf       , Gs^Fdw      , Gs^Fmw      , Gs^Fdw      , Re          , Gs^Fdw      , Re^Xp       , Gs^Fdw      , Gs^Fmw      , Gs^Fdw      , Gs^Fp       , Gs^Fdw      , Xu          , Xu          , Xu          , Xu          , Xu          , Gs^Fp       , Xu          , Gs^Fdw      , Gs^Fdw      , Gs^Fdw      
Hh^Fdf      , Hh^Fdf      , Hh^Fdf      , Hh^Fdf      , Hh^Fdf      , Hh^Fdf      , Hh^Fdf      , Hh^Fdf      , Gs^Fp       , Gs^Fp       , Gs^Fp       , Gs^Fp       , Gs^Fp       , Gs^Fp       , Gs^Fp       , Rd          , Rd          , Rd          , Gs^Fp       , Gs^Fp       , Gs^Fp       , Gs^Fp       , Gs^Fp       , Gs^Fp       , Gs^Fp       , Gs^Fp       , Gs^Fp       , Gs^Fdf      , Hh^Fmf      , Hh^Fmf      , Hh^Fmf      , Hh^Fp       , Hh^Fp       , Hh^Fmf      , Gs^Fp       , Gs^Fmf      , Gs^Fp       , Gs^Fp       , Gs^Fp       , Gs^Fp       , Gs^Fp       , Gs^Fp       , Gs^Fp       , Re^Uf       , Gs^Fdw      , Gs^Fmw      , Gs^Fdw      , Gs^Fdw      , Gs^Fdw      , Gs^Fdw      , Gs^Fdw      , Ss          , Gs^Fdw      , Gs^Fdw      , Gs^Fp       , Gs^Fdw      , Gs^Fdw      , Gs^Fp       , Gs^Fp       , Gs^Fp       , Gs^Fp       , Gs^Fp       , Gs^Fp       , Gs^Fmw      , Gs^Fdw      , Gs^Fdw      , Gs^Fdw      
